// Jest Snapshot v1, https://goo.gl/fbAQLP

exports[`TopNav Component Does not render on root route 1`] = `<div />`;

exports[`TopNav Component Renders on all other routes 1`] = `
<div>
  <nav>
    <ul
      class="topnav-list"
    >
      <li
        class="topnav-list-item"
      >
        <a
          href="https://jimsegal.com"
          title="OG site with other projects"
        >
          JimSegal.com
        </a>
      </li>
      <li
        class="topnav-list-item"
      >
        <a
          href="/congress"
          title="Some fun data surrounding the current congressional sesssion"
        >
          Congress
        </a>
      </li>
      <li
        class="topnav-list-item"
      >
        <a
          href="/isJimWearingShorts"
          title="A site to predict if Jim is wearing shorts or not"
        >
          Is Jim Wearing Shorts?
        </a>
      </li>
      <li
        class="topnav-list-item"
      >
        <a
          href="mountaingoat"
          title="Digital game"
        >
          Mountain Goat Game
        </a>
      </li>
      <li
        class="topnav-list-item"
      >
        <a
          href="/recipes"
          title="A bunch of recipes that I frequent and wanted to show off"
        >
          Recipes
        </a>
      </li>
      <li
        class="topnav-list-item"
      >
        <a
          href="/spacex"
          title="A countdown timer until the next launch of a Space X rocket"
        >
          Space X
        </a>
      </li>
    </ul>
  </nav>
  <hr />
</div>
`;
