// Jest Snapshot v1, https://goo.gl/fbAQLP

exports[`TopNav Component renders correctly 1`] = `
<div>
  <nav>
    <ul>
      <li>
        <a
          href="/congress"
        >
          Congress
        </a>
      </li>
      <li>
        <a
          href="/recipes"
        >
          Recipes
        </a>
      </li>
      <li>
        <a
          href="/spacex"
        >
          Space X
        </a>
      </li>
    </ul>
  </nav>
</div>
`;
