// Jest Snapshot v1, https://goo.gl/fbAQLP

exports[`TopNav Component Does not render on root route 1`] = `<div />`;

exports[`TopNav Component Renders on all other routes 1`] = `
<div>
  <nav>
    <ul
      class="topnav-list"
    >
      <li
        class="topnav-list-item"
      >
        <a
          href="/"
          title="Projects that I like to work on"
        >
          All Projects
        </a>
      </li>
    </ul>
  </nav>
  <hr />
</div>
`;
