// Jest Snapshot v1, https://goo.gl/fbAQLP

exports[`renders correctly 1`] = `
<DocumentFragment>
  <header>
    <h1>
      Jim Segal Projects
    </h1>
  </header>
  <article>
    <nav>
      <ul>
        <li>
          <a
            href="/recipes"
          >
            All Recipes
          </a>
        </li>
        <li>
          <a
            href="/spacex"
          >
            Space X
          </a>
        </li>
      </ul>
    </nav>
    <hr />
    <section>
      <h2>
        Recipes
      </h2>
      <section>
        Loading...
      </section>
    </section>
  </article>
</DocumentFragment>
`;
