// Jest Snapshot v1, https://goo.gl/fbAQLP

exports[`renders correctly 1`] = `
<DocumentFragment>
  <header>
    <h1
      class="app-header"
    >
      Jim Segal Projects
    </h1>
  </header>
  <article>
    <section>
      <ul
        class="project-list"
      >
        <li
          class="project-list-item"
          style="border-color: #ffffff;"
        >
          <a
            class="project-list-item-link"
            href="https://jimsegal.com"
          >
            <div
              class="project-list-item-placeholder"
              style="background-color: rgb(0, 0, 0);"
            >
              <h2
                class="project-list-item-title"
                style="color: rgb(68, 68, 68);"
              >
                JimSegal.com
              </h2>
            </div>
          </a>
        </li>
        <li
          class="project-list-item"
          style="border-color: #ffffff;"
        >
          <a
            class="project-list-item-link"
            href="/congress"
          >
            <div
              class="project-list-item-placeholder"
              style="background-color: rgb(0, 0, 0);"
            >
              <h2
                class="project-list-item-title"
                style="color: rgb(68, 68, 68);"
              >
                Congress
              </h2>
            </div>
            <p>
              Some fun data surrounding the current congressional sesssion
            </p>
          </a>
        </li>
        <li
          class="project-list-item"
          style="border-color: #ffffff;"
        >
          <a
            class="project-list-item-link"
            href="https://jimsegal.com/IsChicagoColderThanAnchorage/"
          >
            <div
              class="project-list-item-placeholder"
              style="background-color: rgb(0, 0, 0);"
            >
              <h2
                class="project-list-item-title"
                style="color: rgb(68, 68, 68);"
              >
                Is Chicago Colder Than Anchorage?
              </h2>
            </div>
            <p>
              A way to quickly tell if Chicago, IL is colder than Anchorage, AK
            </p>
          </a>
        </li>
        <li
          class="project-list-item"
          style="border-color: #ffffff;"
        >
          <a
            class="project-list-item-link"
            href="/isJimWearingShorts"
          >
            <div
              class="project-list-item-placeholder"
              style="background-color: rgb(0, 0, 0);"
            >
              <h2
                class="project-list-item-title"
                style="color: rgb(68, 68, 68);"
              >
                Is Jim Wearing Shorts?
              </h2>
            </div>
            <p>
              A site to predict if Jim is wearing shorts or not
            </p>
          </a>
        </li>
        <li
          class="project-list-item"
          style="border-color: #ffffff;"
        >
          <a
            class="project-list-item-link"
            href="/mountaingoat"
          >
            <div
              class="project-list-item-placeholder"
              style="background-color: rgb(0, 0, 0);"
            >
              <h2
                class="project-list-item-title"
                style="color: rgb(68, 68, 68);"
              >
                Mountain Goat Game
              </h2>
            </div>
            <p>
              Digital game
            </p>
          </a>
        </li>
        <li
          class="project-list-item"
          style="border-color: #ffffff;"
        >
          <a
            class="project-list-item-link"
            href="https://jimsegal.com/readinglist/"
          >
            <div
              class="project-list-item-placeholder"
              style="background-color: rgb(0, 0, 0);"
            >
              <h2
                class="project-list-item-title"
                style="color: rgb(68, 68, 68);"
              >
                Reading List
              </h2>
            </div>
            <p>
              Books I have read or listened to
            </p>
          </a>
        </li>
        <li
          class="project-list-item"
          style="border-color: #ffffff;"
        >
          <a
            class="project-list-item-link"
            href="/recipes"
          >
            <div
              class="project-list-item-placeholder"
              style="background-color: rgb(0, 0, 0);"
            >
              <h2
                class="project-list-item-title"
                style="color: rgb(68, 68, 68);"
              >
                Recipes
              </h2>
            </div>
            <p>
              A bunch of recipes that I frequent and wanted to show off
            </p>
          </a>
        </li>
        <li
          class="project-list-item"
          style="border-color: #ffffff;"
        >
          <a
            class="project-list-item-link"
            href="/spacex"
          >
            <div
              class="project-list-item-placeholder"
              style="background-color: rgb(0, 0, 0);"
            >
              <h2
                class="project-list-item-title"
                style="color: rgb(68, 68, 68);"
              >
                Space X
              </h2>
            </div>
            <p>
              A countdown timer until the next launch of a Space X rocket
            </p>
          </a>
        </li>
        <li
          class="project-list-item"
          style="border-color: #ffffff;"
        >
          <a
            class="project-list-item-link"
            href="https://jimsegal.com/tabletop/"
          >
            <div
              class="project-list-item-placeholder"
              style="background-color: rgb(0, 0, 0);"
            >
              <h2
                class="project-list-item-title"
                style="color: rgb(68, 68, 68);"
              >
                Tabletop Games
              </h2>
            </div>
            <p>
              My collection of table top games
            </p>
          </a>
        </li>
        <li
          class="project-list-item"
          style="border-color: #ffffff;"
        >
          <a
            class="project-list-item-link"
            href="https://jimsegal.com/travel/"
          >
            <div
              class="project-list-item-placeholder"
              style="background-color: rgb(0, 0, 0);"
            >
              <h2
                class="project-list-item-title"
                style="color: rgb(68, 68, 68);"
              >
                Travels
              </h2>
            </div>
            <p>
              Places that I have traveled since graduating college in 2008
            </p>
          </a>
        </li>
      </ul>
    </section>
  </article>
</DocumentFragment>
`;
